22:08:31 **** Build of project Cordic_bsp ****
make -k all 
"Running Make include in ps7_cortexa9_0/libsrc/cordic_v1_0/src"
make -C ps7_cortexa9_0/libsrc/cordic_v1_0/src -s include  "SHELL=CMD" "COMPILER=arm-none-eabi-gcc" "ARCHIVER=arm-none-eabi-ar" "COMPILER_FLAGS=  -O2 -c" "EXTRA_COMPILER_FLAGS=-mcpu=cortex-a9 -mfpu=vfpv3 -mfloat-abi=hard -nostartfiles -g -Wall -Wextra"
"Running Make include in ps7_cortexa9_0/libsrc/coresightps_dcc_v1_4/src"
make -C ps7_cortexa9_0/libsrc/coresightps_dcc_v1_4/src -s include  "SHELL=CMD" "COMPILER=arm-none-eabi-gcc" "ARCHIVER=arm-none-eabi-ar" "COMPILER_FLAGS=  -O2 -c" "EXTRA_COMPILER_FLAGS=-mcpu=cortex-a9 -mfpu=vfpv3 -mfloat-abi=hard -nostartfiles -g -Wall -Wextra"
"Running Make include in ps7_cortexa9_0/libsrc/cpu_cortexa9_v2_7/src"
make -C ps7_cortexa9_0/libsrc/cpu_cortexa9_v2_7/src -s include  "SHELL=CMD" "COMPILER=arm-none-eabi-gcc" "ARCHIVER=arm-none-eabi-ar" "COMPILER_FLAGS=  -O2 -c" "EXTRA_COMPILER_FLAGS=-mcpu=cortex-a9 -mfpu=vfpv3 -mfloat-abi=hard -nostartfiles -g -Wall -Wextra"
"Running Make include in ps7_cortexa9_0/libsrc/ddrps_v1_0/src"
make -C ps7_cortexa9_0/libsrc/ddrps_v1_0/src -s include  "SHELL=CMD" "COMPILER=arm-none-eabi-gcc" "ARCHIVER=arm-none-eabi-ar" "COMPILER_FLAGS=  -O2 -c" "EXTRA_COMPILER_FLAGS=-mcpu=cortex-a9 -mfpu=vfpv3 -mfloat-abi=hard -nostartfiles -g -Wall -Wextra"
"Running Make include in ps7_cortexa9_0/libsrc/devcfg_v3_5/src"
make -C ps7_cortexa9_0/libsrc/devcfg_v3_5/src -s include  "SHELL=CMD" "COMPILER=arm-none-eabi-gcc" "ARCHIVER=arm-none-eabi-ar" "COMPILER_FLAGS=  -O2 -c" "EXTRA_COMPILER_FLAGS=-mcpu=cortex-a9 -mfpu=vfpv3 -mfloat-abi=hard -nostartfiles -g -Wall -Wextra"
"Running Make include in ps7_cortexa9_0/libsrc/dmaps_v2_4/src"
make -C ps7_cortexa9_0/libsrc/dmaps_v2_4/src -s include  "SHELL=CMD" "COMPILER=arm-none-eabi-gcc" "ARCHIVER=arm-none-eabi-ar" "COMPILER_FLAGS=  -O2 -c" "EXTRA_COMPILER_FLAGS=-mcpu=cortex-a9 -mfpu=vfpv3 -mfloat-abi=hard -nostartfiles -g -Wall -Wextra"
"Running Make include in ps7_cortexa9_0/libsrc/emacps_v3_8/src"
make -C ps7_cortexa9_0/libsrc/emacps_v3_8/src -s include  "SHELL=CMD" "COMPILER=arm-none-eabi-gcc" "ARCHIVER=arm-none-eabi-ar" "COMPILER_FLAGS=  -O2 -c" "EXTRA_COMPILER_FLAGS=-mcpu=cortex-a9 -mfpu=vfpv3 -mfloat-abi=hard -nostartfiles -g -Wall -Wextra"
"Running Make include in ps7_cortexa9_0/libsrc/gpiops_v3_4/src"
make -C ps7_cortexa9_0/libsrc/gpiops_v3_4/src -s include  "SHELL=CMD" "COMPILER=arm-none-eabi-gcc" "ARCHIVER=arm-none-eabi-ar" "COMPILER_FLAGS=  -O2 -c" "EXTRA_COMPILER_FLAGS=-mcpu=cortex-a9 -mfpu=vfpv3 -mfloat-abi=hard -nostartfiles -g -Wall -Wextra"
"Running Make include in ps7_cortexa9_0/libsrc/iicps_v3_8/src"
make -C ps7_cortexa9_0/libsrc/iicps_v3_8/src -s include  "SHELL=CMD" "COMPILER=arm-none-eabi-gcc" "ARCHIVER=arm-none-eabi-ar" "COMPILER_FLAGS=  -O2 -c" "EXTRA_COMPILER_FLAGS=-mcpu=cortex-a9 -mfpu=vfpv3 -mfloat-abi=hard -nostartfiles -g -Wall -Wextra"
"Running Make include in ps7_cortexa9_0/libsrc/PmodOLED_v1_0/src"
make -C ps7_cortexa9_0/libsrc/PmodOLED_v1_0/src -s include  "SHELL=CMD" "COMPILER=arm-none-eabi-gcc" "ARCHIVER=arm-none-eabi-ar" "COMPILER_FLAGS=  -O2 -c" "EXTRA_COMPILER_FLAGS=-mcpu=cortex-a9 -mfpu=vfpv3 -mfloat-abi=hard -nostartfiles -g -Wall -Wextra"
"Running Make include in ps7_cortexa9_0/libsrc/qspips_v3_5/src"
make -C ps7_cortexa9_0/libsrc/qspips_v3_5/src -s include  "SHELL=CMD" "COMPILER=arm-none-eabi-gcc" "ARCHIVER=arm-none-eabi-ar" "COMPILER_FLAGS=  -O2 -c" "EXTRA_COMPILER_FLAGS=-mcpu=cortex-a9 -mfpu=vfpv3 -mfloat-abi=hard -nostartfiles -g -Wall -Wextra"
"Running Make include in ps7_cortexa9_0/libsrc/Roate_keyv2_v1_0/src"
make -C ps7_cortexa9_0/libsrc/Roate_keyv2_v1_0/src -s include  "SHELL=CMD" "COMPILER=arm-none-eabi-gcc" "ARCHIVER=arm-none-eabi-ar" "COMPILER_FLAGS=  -O2 -c" "EXTRA_COMPILER_FLAGS=-mcpu=cortex-a9 -mfpu=vfpv3 -mfloat-abi=hard -nostartfiles -g -Wall -Wextra"
"Running Make include in ps7_cortexa9_0/libsrc/scugic_v3_10/src"
make -C ps7_cortexa9_0/libsrc/scugic_v3_10/src -s include  "SHELL=CMD" "COMPILER=arm-none-eabi-gcc" "ARCHIVER=arm-none-eabi-ar" "COMPILER_FLAGS=  -O2 -c" "EXTRA_COMPILER_FLAGS=-mcpu=cortex-a9 -mfpu=vfpv3 -mfloat-abi=hard -nostartfiles -g -Wall -Wextra"
"Running Make include in ps7_cortexa9_0/libsrc/scutimer_v2_1/src"
make -C ps7_cortexa9_0/libsrc/scutimer_v2_1/src -s include  "SHELL=CMD" "COMPILER=arm-none-eabi-gcc" "ARCHIVER=arm-none-eabi-ar" "COMPILER_FLAGS=  -O2 -c" "EXTRA_COMPILER_FLAGS=-mcpu=cortex-a9 -mfpu=vfpv3 -mfloat-abi=hard -nostartfiles -g -Wall -Wextra"
"Running Make include in ps7_cortexa9_0/libsrc/scuwdt_v2_1/src"
make -C ps7_cortexa9_0/libsrc/scuwdt_v2_1/src -s include  "SHELL=CMD" "COMPILER=arm-none-eabi-gcc" "ARCHIVER=arm-none-eabi-ar" "COMPILER_FLAGS=  -O2 -c" "EXTRA_COMPILER_FLAGS=-mcpu=cortex-a9 -mfpu=vfpv3 -mfloat-abi=hard -nostartfiles -g -Wall -Wextra"
"Running Make include in ps7_cortexa9_0/libsrc/sdps_v3_6/src"
make -C ps7_cortexa9_0/libsrc/sdps_v3_6/src -s include  "SHELL=CMD" "COMPILER=arm-none-eabi-gcc" "ARCHIVER=arm-none-eabi-ar" "COMPILER_FLAGS=  -O2 -c" "EXTRA_COMPILER_FLAGS=-mcpu=cortex-a9 -mfpu=vfpv3 -mfloat-abi=hard -nostartfiles -g -Wall -Wextra"
"Running Make include in ps7_cortexa9_0/libsrc/standalone_v6_8/src"
make -C ps7_cortexa9_0/libsrc/standalone_v6_8/src -s include  "SHELL=CMD" "COMPILER=arm-none-eabi-gcc" "ARCHIVER=arm-none-eabi-ar" "COMPILER_FLAGS=  -O2 -c" "EXTRA_COMPILER_FLAGS=-mcpu=cortex-a9 -mfpu=vfpv3 -mfloat-abi=hard -nostartfiles -g -Wall -Wextra"
"Running Make include in ps7_cortexa9_0/libsrc/uartps_v3_7/src"
make -C ps7_cortexa9_0/libsrc/uartps_v3_7/src -s include  "SHELL=CMD" "COMPILER=arm-none-eabi-gcc" "ARCHIVER=arm-none-eabi-ar" "COMPILER_FLAGS=  -O2 -c" "EXTRA_COMPILER_FLAGS=-mcpu=cortex-a9 -mfpu=vfpv3 -mfloat-abi=hard -nostartfiles -g -Wall -Wextra"
"Running Make include in ps7_cortexa9_0/libsrc/usbps_v2_4/src"
make -C ps7_cortexa9_0/libsrc/usbps_v2_4/src -s include  "SHELL=CMD" "COMPILER=arm-none-eabi-gcc" "ARCHIVER=arm-none-eabi-ar" "COMPILER_FLAGS=  -O2 -c" "EXTRA_COMPILER_FLAGS=-mcpu=cortex-a9 -mfpu=vfpv3 -mfloat-abi=hard -nostartfiles -g -Wall -Wextra"
"Running Make include in ps7_cortexa9_0/libsrc/xadcps_v2_3/src"
make -C ps7_cortexa9_0/libsrc/xadcps_v2_3/src -s include  "SHELL=CMD" "COMPILER=arm-none-eabi-gcc" "ARCHIVER=arm-none-eabi-ar" "COMPILER_FLAGS=  -O2 -c" "EXTRA_COMPILER_FLAGS=-mcpu=cortex-a9 -mfpu=vfpv3 -mfloat-abi=hard -nostartfiles -g -Wall -Wextra"
"Running Make libs in ps7_cortexa9_0/libsrc/cordic_v1_0/src"
make -C ps7_cortexa9_0/libsrc/cordic_v1_0/src -s libs  "SHELL=CMD" "COMPILER=arm-none-eabi-gcc" "ARCHIVER=arm-none-eabi-ar" "COMPILER_FLAGS=  -O2 -c" "EXTRA_COMPILER_FLAGS=-mcpu=cortex-a9 -mfpu=vfpv3 -mfloat-abi=hard -nostartfiles -g -Wall -Wextra"
"Compiling cordic..."
cordic_selftest.c: In function 'CORDIC_Reg_SelfTest':
cordic_selftest.c:52:55: warning: comparison between signed and unsigned integer expressions [-Wsign-compare]
    if ( CORDIC_mReadReg (baseaddr, read_loop_index*4) != (read_loop_index+1)*READ_WRITE_MUL_FACTOR){
                                                       ^~
cordic_selftest.c:36:6: warning: unused variable 'Index' [-Wunused-variable]
  int Index;
      ^~~~~
arm-none-eabi-ar: creating ../../../lib/libxil.a
"Running Make libs in ps7_cortexa9_0/libsrc/coresightps_dcc_v1_4/src"
make -C ps7_cortexa9_0/libsrc/coresightps_dcc_v1_4/src -s libs  "SHELL=CMD" "COMPILER=arm-none-eabi-gcc" "ARCHIVER=arm-none-eabi-ar" "COMPILER_FLAGS=  -O2 -c" "EXTRA_COMPILER_FLAGS=-mcpu=cortex-a9 -mfpu=vfpv3 -mfloat-abi=hard -nostartfiles -g -Wall -Wextra"
"Compiling coresightps_dcc"
"Running Make libs in ps7_cortexa9_0/libsrc/cpu_cortexa9_v2_7/src"
make -C ps7_cortexa9_0/libsrc/cpu_cortexa9_v2_7/src -s libs  "SHELL=CMD" "COMPILER=arm-none-eabi-gcc" "ARCHIVER=arm-none-eabi-ar" "COMPILER_FLAGS=  -O2 -c" "EXTRA_COMPILER_FLAGS=-mcpu=cortex-a9 -mfpu=vfpv3 -mfloat-abi=hard -nostartfiles -g -Wall -Wextra"
"Compiling cpu_cortexa9"
"Running Make libs in ps7_cortexa9_0/libsrc/ddrps_v1_0/src"
make -C ps7_cortexa9_0/libsrc/ddrps_v1_0/src -s libs  "SHELL=CMD" "COMPILER=arm-none-eabi-gcc" "ARCHIVER=arm-none-eabi-ar" "COMPILER_FLAGS=  -O2 -c" "EXTRA_COMPILER_FLAGS=-mcpu=cortex-a9 -mfpu=vfpv3 -mfloat-abi=hard -nostartfiles -g -Wall -Wextra"
"Compiling ddrps"
"Running Make libs in ps7_cortexa9_0/libsrc/devcfg_v3_5/src"
make -C ps7_cortexa9_0/libsrc/devcfg_v3_5/src -s libs  "SHELL=CMD" "COMPILER=arm-none-eabi-gcc" "ARCHIVER=arm-none-eabi-ar" "COMPILER_FLAGS=  -O2 -c" "EXTRA_COMPILER_FLAGS=-mcpu=cortex-a9 -mfpu=vfpv3 -mfloat-abi=hard -nostartfiles -g -Wall -Wextra"
"Compiling devcfg"
"Running Make libs in ps7_cortexa9_0/libsrc/dmaps_v2_4/src"
make -C ps7_cortexa9_0/libsrc/dmaps_v2_4/src -s libs  "SHELL=CMD" "COMPILER=arm-none-eabi-gcc" "ARCHIVER=arm-none-eabi-ar" "COMPILER_FLAGS=  -O2 -c" "EXTRA_COMPILER_FLAGS=-mcpu=cortex-a9 -mfpu=vfpv3 -mfloat-abi=hard -nostartfiles -g -Wall -Wextra"
"Compiling dmaps"
"Running Make libs in ps7_cortexa9_0/libsrc/emacps_v3_8/src"
make -C ps7_cortexa9_0/libsrc/emacps_v3_8/src -s libs  "SHELL=CMD" "COMPILER=arm-none-eabi-gcc" "ARCHIVER=arm-none-eabi-ar" "COMPILER_FLAGS=  -O2 -c" "EXTRA_COMPILER_FLAGS=-mcpu=cortex-a9 -mfpu=vfpv3 -mfloat-abi=hard -nostartfiles -g -Wall -Wextra"
"Compiling emacps"
"Running Make libs in ps7_cortexa9_0/libsrc/gpiops_v3_4/src"
make -C ps7_cortexa9_0/libsrc/gpiops_v3_4/src -s libs  "SHELL=CMD" "COMPILER=arm-none-eabi-gcc" "ARCHIVER=arm-none-eabi-ar" "COMPILER_FLAGS=  -O2 -c" "EXTRA_COMPILER_FLAGS=-mcpu=cortex-a9 -mfpu=vfpv3 -mfloat-abi=hard -nostartfiles -g -Wall -Wextra"
"Compiling gpiops"
"Running Make libs in ps7_cortexa9_0/libsrc/iicps_v3_8/src"
make -C ps7_cortexa9_0/libsrc/iicps_v3_8/src -s libs  "SHELL=CMD" "COMPILER=arm-none-eabi-gcc" "ARCHIVER=arm-none-eabi-ar" "COMPILER_FLAGS=  -O2 -c" "EXTRA_COMPILER_FLAGS=-mcpu=cortex-a9 -mfpu=vfpv3 -mfloat-abi=hard -nostartfiles -g -Wall -Wextra"
"Compiling iicps"
"Running Make libs in ps7_cortexa9_0/libsrc/PmodOLED_v1_0/src"
make -C ps7_cortexa9_0/libsrc/PmodOLED_v1_0/src -s libs  "SHELL=CMD" "COMPILER=arm-none-eabi-gcc" "ARCHIVER=arm-none-eabi-ar" "COMPILER_FLAGS=  -O2 -c" "EXTRA_COMPILER_FLAGS=-mcpu=cortex-a9 -mfpu=vfpv3 -mfloat-abi=hard -nostartfiles -g -Wall -Wextra"
"Compiling PmodOLED"
OledDriver.c: In function 'OLED_Update':
OledDriver.c:532:14: warning: unused variable 'icol' [-Wunused-variable]
     int      icol;
              ^~~~
OledGrph.c: In function 'OLED_GetStdPattern':
OledGrph.c:196:23: warning: return discards 'const' qualifier from pointer target type [-Wdiscarded-qualifiers]
     return rgbFillPat + 8*ipat;
            ~~~~~~~~~~~^~~~~~~~
OledGrph.c: In function 'OLED_FillRect':
OledGrph.c:506:9: warning: unused variable 'bTmp' [-Wunused-variable]
     u8  bTmp;
         ^~~~
OledGrph.c: In function 'OLED_GetBmp':
OledGrph.c:612:11: warning: variable 'bTmp' set but not used [-Wunused-but-set-variable]
     u8    bTmp;
           ^~~~
OledGrph.c: In function 'OLED_PutBmp':
OledGrph.c:713:11: warning: unused variable 'bTmp' [-Wunused-variable]
     u8    bTmp;
           ^~~~
OledGrph.c:706:11: warning: unused variable 'bDsp' [-Wunused-variable]
     u8    bDsp;
           ^~~~
OledGrph.c: In function 'OLED_DrawChar':
OledGrph.c:812:11: warning: unused variable 'ib' [-Wunused-variable]
     int   ib;
           ^~
OledGrph.c:811:11: warning: variable 'pbBmp' set but not used [-Wunused-but-set-variable]
     u8   *pbBmp;
           ^~~~~
"Running Make libs in ps7_cortexa9_0/libsrc/qspips_v3_5/src"
make -C ps7_cortexa9_0/libsrc/qspips_v3_5/src -s libs  "SHELL=CMD" "COMPILER=arm-none-eabi-gcc" "ARCHIVER=arm-none-eabi-ar" "COMPILER_FLAGS=  -O2 -c" "EXTRA_COMPILER_FLAGS=-mcpu=cortex-a9 -mfpu=vfpv3 -mfloat-abi=hard -nostartfiles -g -Wall -Wextra"
"Compiling qspips"
"Running Make libs in ps7_cortexa9_0/libsrc/Roate_keyv2_v1_0/src"
make -C ps7_cortexa9_0/libsrc/Roate_keyv2_v1_0/src -s libs  "SHELL=CMD" "COMPILER=arm-none-eabi-gcc" "ARCHIVER=arm-none-eabi-ar" "COMPILER_FLAGS=  -O2 -c" "EXTRA_COMPILER_FLAGS=-mcpu=cortex-a9 -mfpu=vfpv3 -mfloat-abi=hard -nostartfiles -g -Wall -Wextra"
"Compiling Roate_keyv2..."
Roate_keyv2_selftest.c: In function 'ROATE_KEYV2_Reg_SelfTest':
Roate_keyv2_selftest.c:52:60: warning: comparison between signed and unsigned integer expressions [-Wsign-compare]
    if ( ROATE_KEYV2_mReadReg (baseaddr, read_loop_index*4) != (read_loop_index+1)*READ_WRITE_MUL_FACTOR){
                                                            ^~
Roate_keyv2_selftest.c:36:6: warning: unused variable 'Index' [-Wunused-variable]
  int Index;
      ^~~~~
"Running Make libs in ps7_cortexa9_0/libsrc/scugic_v3_10/src"
make -C ps7_cortexa9_0/libsrc/scugic_v3_10/src -s libs  "SHELL=CMD" "COMPILER=arm-none-eabi-gcc" "ARCHIVER=arm-none-eabi-ar" "COMPILER_FLAGS=  -O2 -c" "EXTRA_COMPILER_FLAGS=-mcpu=cortex-a9 -mfpu=vfpv3 -mfloat-abi=hard -nostartfiles -g -Wall -Wextra"
"Compiling scugic"
"Running Make libs in ps7_cortexa9_0/libsrc/scutimer_v2_1/src"
make -C ps7_cortexa9_0/libsrc/scutimer_v2_1/src -s libs  "SHELL=CMD" "COMPILER=arm-none-eabi-gcc" "ARCHIVER=arm-none-eabi-ar" "COMPILER_FLAGS=  -O2 -c" "EXTRA_COMPILER_FLAGS=-mcpu=cortex-a9 -mfpu=vfpv3 -mfloat-abi=hard -nostartfiles -g -Wall -Wextra"
"Compiling scutimer"
"Running Make libs in ps7_cortexa9_0/libsrc/scuwdt_v2_1/src"
make -C ps7_cortexa9_0/libsrc/scuwdt_v2_1/src -s libs  "SHELL=CMD" "COMPILER=arm-none-eabi-gcc" "ARCHIVER=arm-none-eabi-ar" "COMPILER_FLAGS=  -O2 -c" "EXTRA_COMPILER_FLAGS=-mcpu=cortex-a9 -mfpu=vfpv3 -mfloat-abi=hard -nostartfiles -g -Wall -Wextra"
"Compiling scuwdt"
"Running Make libs in ps7_cortexa9_0/libsrc/sdps_v3_6/src"
make -C ps7_cortexa9_0/libsrc/sdps_v3_6/src -s libs  "SHELL=CMD" "COMPILER=arm-none-eabi-gcc" "ARCHIVER=arm-none-eabi-ar" "COMPILER_FLAGS=  -O2 -c" "EXTRA_COMPILER_FLAGS=-mcpu=cortex-a9 -mfpu=vfpv3 -mfloat-abi=hard -nostartfiles -g -Wall -Wextra"
"Compiling sdps"
"Running Make libs in ps7_cortexa9_0/libsrc/standalone_v6_8/src"
make -C ps7_cortexa9_0/libsrc/standalone_v6_8/src -s libs  "SHELL=CMD" "COMPILER=arm-none-eabi-gcc" "ARCHIVER=arm-none-eabi-ar" "COMPILER_FLAGS=  -O2 -c" "EXTRA_COMPILER_FLAGS=-mcpu=cortex-a9 -mfpu=vfpv3 -mfloat-abi=hard -nostartfiles -g -Wall -Wextra"
"Compiling standalone"
In file included from usleep.c:56:0:
xtime_l.h:87:9: note: #pragma message: For the sleep routines, Global timer is being used
 #pragma message ("For the sleep routines, Global timer is being used")
         ^~~~~~~
In file included from xil_sleeptimer.c:51:0:
xtime_l.h:87:9: note: #pragma message: For the sleep routines, Global timer is being used
 #pragma message ("For the sleep routines, Global timer is being used")
         ^~~~~~~
In file included from xtime_l.c:49:0:
xtime_l.h:87:9: note: #pragma message: For the sleep routines, Global timer is being used
 #pragma message ("For the sleep routines, Global timer is being used")
         ^~~~~~~
In file included from sleep.c:53:0:
xtime_l.h:87:9: note: #pragma message: For the sleep routines, Global timer is being used
 #pragma message ("For the sleep routines, Global timer is being used")
         ^~~~~~~
"Running Make libs in ps7_cortexa9_0/libsrc/uartps_v3_7/src"
make -C ps7_cortexa9_0/libsrc/uartps_v3_7/src -s libs  "SHELL=CMD" "COMPILER=arm-none-eabi-gcc" "ARCHIVER=arm-none-eabi-ar" "COMPILER_FLAGS=  -O2 -c" "EXTRA_COMPILER_FLAGS=-mcpu=cortex-a9 -mfpu=vfpv3 -mfloat-abi=hard -nostartfiles -g -Wall -Wextra"
"Compiling uartps"
"Running Make libs in ps7_cortexa9_0/libsrc/usbps_v2_4/src"
make -C ps7_cortexa9_0/libsrc/usbps_v2_4/src -s libs  "SHELL=CMD" "COMPILER=arm-none-eabi-gcc" "ARCHIVER=arm-none-eabi-ar" "COMPILER_FLAGS=  -O2 -c" "EXTRA_COMPILER_FLAGS=-mcpu=cortex-a9 -mfpu=vfpv3 -mfloat-abi=hard -nostartfiles -g -Wall -Wextra"
"Compiling usbps"
"Running Make libs in ps7_cortexa9_0/libsrc/xadcps_v2_3/src"
make -C ps7_cortexa9_0/libsrc/xadcps_v2_3/src -s libs  "SHELL=CMD" "COMPILER=arm-none-eabi-gcc" "ARCHIVER=arm-none-eabi-ar" "COMPILER_FLAGS=  -O2 -c" "EXTRA_COMPILER_FLAGS=-mcpu=cortex-a9 -mfpu=vfpv3 -mfloat-abi=hard -nostartfiles -g -Wall -Wextra"
"Compiling xadcps"
'Finished building libraries'
22:09:03 **** Build of configuration Debug for project Cordic ****
make pre-build main-build 
a9-linaro-pre-build-step
' '
'Building file: ../src/main.c'
'Invoking: ARM v7 gcc compiler'
arm-none-eabi-gcc -Wall -O0 -g3 -c -fmessage-length=0 -MT"src/main.o" -mcpu=cortex-a9 -mfpu=vfpv3 -mfloat-abi=hard -I../../Cordic_bsp/ps7_cortexa9_0/include -MMD -MP -MF"src/main.d" -MT"src/main.o" -o "src/main.o" "../src/main.c"
'Finished building: ../src/main.c'
' '
'Building target: Cordic.elf'
'Invoking: ARM v7 gcc linker'
arm-none-eabi-gcc -mcpu=cortex-a9 -mfpu=vfpv3 -mfloat-abi=hard -Wl,-build-id=none -specs=Xilinx.spec -Wl,-T -Wl,../src/lscript.ld -L../../Cordic_bsp/ps7_cortexa9_0/lib -o "Cordic.elf"  ./src/main.o   -Wl,--start-group,-lxil,-lgcc,-lc,--end-group
../../Cordic_bsp/ps7_cortexa9_0/lib\libxil.a(xil-crt0.o): In function `_start':
D:\Vivado\project\Cordic_ip_user\Cordic_ip_user.sdk\Cordic_bsp\ps7_cortexa9_0\libsrc\standalone_v6_8\src/xil-crt0.S:138: undefined reference to `main'
collect2.exe: error: ld returned 1 exit status
make: *** [makefile:41: Cordic.elf] Error 1
22:09:06 **** Auto Build of configuration Debug for project Cordic ****
make pre-build main-build 
a9-linaro-pre-build-step
' '
'Building target: Cordic.elf'
'Invoking: ARM v7 gcc linker'
arm-none-eabi-gcc -mcpu=cortex-a9 -mfpu=vfpv3 -mfloat-abi=hard -Wl,-build-id=none -specs=Xilinx.spec -Wl,-T -Wl,../src/lscript.ld -L../../Cordic_bsp/ps7_cortexa9_0/lib -o "Cordic.elf"  ./src/main.o   -Wl,--start-group,-lxil,-lgcc,-lc,--end-group
../../Cordic_bsp/ps7_cortexa9_0/lib\libxil.a(xil-crt0.o): In function `_start':
D:\Vivado\project\Cordic_ip_user\Cordic_ip_user.sdk\Cordic_bsp\ps7_cortexa9_0\libsrc\standalone_v6_8\src/xil-crt0.S:138: undefined reference to `main'
collect2.exe: error: ld returned 1 exit status
make: *** [makefile:41: Cordic.elf] Error 1
22:09:50 **** Auto Build of configuration Debug for project Cordic ****
make pre-build main-build 
a9-linaro-pre-build-step
' '
'Building file: ../src/main.c'
'Invoking: ARM v7 gcc compiler'
arm-none-eabi-gcc -Wall -O0 -g3 -c -fmessage-length=0 -MT"src/main.o" -mcpu=cortex-a9 -mfpu=vfpv3 -mfloat-abi=hard -I../../Cordic_bsp/ps7_cortexa9_0/include -MMD -MP -MF"src/main.d" -MT"src/main.o" -o "src/main.o" "../src/main.c"
../src/main.c: In function 'main':
../src/main.c:153:6: warning: implicit declaration of function 'BREATH_LED_AXI_mWriteReg'; did you mean 'ROATE_KEYV2_mWriteReg'? [-Wimplicit-function-declaration]
      BREATH_LED_AXI_mWriteReg(LED_bass, LED0, 0);
      ^~~~~~~~~~~~~~~~~~~~~~~~
      ROATE_KEYV2_mWriteReg
'Finished building: ../src/main.c'
' '
'Building target: Cordic.elf'
'Invoking: ARM v7 gcc linker'
arm-none-eabi-gcc -mcpu=cortex-a9 -mfpu=vfpv3 -mfloat-abi=hard -Wl,-build-id=none -specs=Xilinx.spec -Wl,-T -Wl,../src/lscript.ld -L../../Cordic_bsp/ps7_cortexa9_0/lib -o "Cordic.elf"  ./src/main.o   -Wl,--start-group,-lxil,-lgcc,-lc,--end-group
./src/main.o: In function `main':
D:\Vivado\project\Cordic_ip_user\Cordic_ip_user.sdk\Cordic\Debug/../src/main.c:153: undefined reference to `BREATH_LED_AXI_mWriteReg'
D:\Vivado\project\Cordic_ip_user\Cordic_ip_user.sdk\Cordic\Debug/../src/main.c:155: undefined reference to `BREATH_LED_AXI_mWriteReg'
D:\Vivado\project\Cordic_ip_user\Cordic_ip_user.sdk\Cordic\Debug/../src/main.c:158: undefined reference to `BREATH_LED_AXI_mWriteReg'
D:\Vivado\project\Cordic_ip_user\Cordic_ip_user.sdk\Cordic\Debug/../src/main.c:160: undefined reference to `BREATH_LED_AXI_mWriteReg'
D:\Vivado\project\Cordic_ip_user\Cordic_ip_user.sdk\Cordic\Debug/../src/main.c:163: undefined reference to `BREATH_LED_AXI_mWriteReg'
./src/main.o:D:\Vivado\project\Cordic_ip_user\Cordic_ip_user.sdk\Cordic\Debug/../src/main.c:165: more undefined references to `BREATH_LED_AXI_mWriteReg' follow
collect2.exe: error: ld returned 1 exit status
make: *** [makefile:41: Cordic.elf] Error 1
22:10:10 **** Auto Build of configuration Debug for project Cordic ****
make pre-build main-build 
a9-linaro-pre-build-step
' '
'Building file: ../src/main.c'
'Invoking: ARM v7 gcc compiler'
arm-none-eabi-gcc -Wall -O0 -g3 -c -fmessage-length=0 -MT"src/main.o" -mcpu=cortex-a9 -mfpu=vfpv3 -mfloat-abi=hard -I../../Cordic_bsp/ps7_cortexa9_0/include -MMD -MP -MF"src/main.d" -MT"src/main.o" -o "src/main.o" "../src/main.c"
../src/main.c: In function 'main':
../src/main.c:153:6: warning: implicit declaration of function 'BREATH_LED_AXI_mWriteReg'; did you mean 'ROATE_KEYV2_mWriteReg'? [-Wimplicit-function-declaration]
      BREATH_LED_AXI_mWriteReg(LED_bass, LED0, 0);
      ^~~~~~~~~~~~~~~~~~~~~~~~
      ROATE_KEYV2_mWriteReg
'Finished building: ../src/main.c'
' '
'Building target: Cordic.elf'
'Invoking: ARM v7 gcc linker'
arm-none-eabi-gcc -mcpu=cortex-a9 -mfpu=vfpv3 -mfloat-abi=hard -Wl,-build-id=none -specs=Xilinx.spec -Wl,-T -Wl,../src/lscript.ld -L../../Cordic_bsp/ps7_cortexa9_0/lib -o "Cordic.elf"  ./src/main.o   -Wl,--start-group,-lxil,-lgcc,-lc,--end-group
./src/main.o: In function `main':
D:\Vivado\project\Cordic_ip_user\Cordic_ip_user.sdk\Cordic\Debug/../src/main.c:153: undefined reference to `BREATH_LED_AXI_mWriteReg'
D:\Vivado\project\Cordic_ip_user\Cordic_ip_user.sdk\Cordic\Debug/../src/main.c:155: undefined reference to `BREATH_LED_AXI_mWriteReg'
D:\Vivado\project\Cordic_ip_user\Cordic_ip_user.sdk\Cordic\Debug/../src/main.c:158: undefined reference to `BREATH_LED_AXI_mWriteReg'
D:\Vivado\project\Cordic_ip_user\Cordic_ip_user.sdk\Cordic\Debug/../src/main.c:160: undefined reference to `BREATH_LED_AXI_mWriteReg'
D:\Vivado\project\Cordic_ip_user\Cordic_ip_user.sdk\Cordic\Debug/../src/main.c:163: undefined reference to `BREATH_LED_AXI_mWriteReg'
./src/main.o:D:\Vivado\project\Cordic_ip_user\Cordic_ip_user.sdk\Cordic\Debug/../src/main.c:165: more undefined references to `BREATH_LED_AXI_mWriteReg' follow
collect2.exe: error: ld returned 1 exit status
make: *** [makefile:41: Cordic.elf] Error 1
22:11:00 **** Incremental Build of configuration Debug for project Cordic ****
make pre-build main-build 
a9-linaro-pre-build-step
' '
'Building target: Cordic.elf'
'Invoking: ARM v7 gcc linker'
arm-none-eabi-gcc -mcpu=cortex-a9 -mfpu=vfpv3 -mfloat-abi=hard -Wl,-build-id=none -specs=Xilinx.spec -Wl,-T -Wl,../src/lscript.ld -L../../Cordic_bsp/ps7_cortexa9_0/lib -o "Cordic.elf"  ./src/main.o   -Wl,--start-group,-lxil,-lgcc,-lc,--end-group
./src/main.o: In function `main':
D:\Vivado\project\Cordic_ip_user\Cordic_ip_user.sdk\Cordic\Debug/../src/main.c:153: undefined reference to `BREATH_LED_AXI_mWriteReg'
D:\Vivado\project\Cordic_ip_user\Cordic_ip_user.sdk\Cordic\Debug/../src/main.c:155: undefined reference to `BREATH_LED_AXI_mWriteReg'
D:\Vivado\project\Cordic_ip_user\Cordic_ip_user.sdk\Cordic\Debug/../src/main.c:158: undefined reference to `BREATH_LED_AXI_mWriteReg'
D:\Vivado\project\Cordic_ip_user\Cordic_ip_user.sdk\Cordic\Debug/../src/main.c:160: undefined reference to `BREATH_LED_AXI_mWriteReg'
D:\Vivado\project\Cordic_ip_user\Cordic_ip_user.sdk\Cordic\Debug/../src/main.c:163: undefined reference to `BREATH_LED_AXI_mWriteReg'
./src/main.o:D:\Vivado\project\Cordic_ip_user\Cordic_ip_user.sdk\Cordic\Debug/../src/main.c:165: more undefined references to `BREATH_LED_AXI_mWriteReg' follow
collect2.exe: error: ld returned 1 exit status
make: *** [makefile:41: Cordic.elf] Error 1
22:11:13 **** Auto Build of configuration Debug for project Cordic ****
make pre-build main-build 
a9-linaro-pre-build-step
' '
'Building file: ../src/main.c'
'Invoking: ARM v7 gcc compiler'
arm-none-eabi-gcc -Wall -O0 -g3 -c -fmessage-length=0 -MT"src/main.o" -mcpu=cortex-a9 -mfpu=vfpv3 -mfloat-abi=hard -I../../Cordic_bsp/ps7_cortexa9_0/include -MMD -MP -MF"src/main.d" -MT"src/main.o" -o "src/main.o" "../src/main.c"
'Finished building: ../src/main.c'
' '
'Building target: Cordic.elf'
'Invoking: ARM v7 gcc linker'
arm-none-eabi-gcc -mcpu=cortex-a9 -mfpu=vfpv3 -mfloat-abi=hard -Wl,-build-id=none -specs=Xilinx.spec -Wl,-T -Wl,../src/lscript.ld -L../../Cordic_bsp/ps7_cortexa9_0/lib -o "Cordic.elf"  ./src/main.o   -Wl,--start-group,-lxil,-lgcc,-lc,--end-group
'Finished building target: Cordic.elf'
' '
'Invoking: ARM v7 Print Size'
arm-none-eabi-size Cordic.elf  |tee "Cordic.elf.size"
   text	   data	    bss	    dec	    hex	filename
  75920	   2608	  23408	 101936	  18e30	Cordic.elf
'Finished building: Cordic.elf.size'
' '
22:11:17 **** Incremental Build of configuration Debug for project Cordic ****
make pre-build main-build 
a9-linaro-pre-build-step
' '
make: Nothing to be done for 'main-build'.
22:14:48 **** Auto Build of configuration Debug for project Cordic ****
make pre-build main-build 
a9-linaro-pre-build-step
' '
'Building file: ../src/main.c'
'Invoking: ARM v7 gcc compiler'
arm-none-eabi-gcc -Wall -O0 -g3 -c -fmessage-length=0 -MT"src/main.o" -mcpu=cortex-a9 -mfpu=vfpv3 -mfloat-abi=hard -I../../Cordic_bsp/ps7_cortexa9_0/include -MMD -MP -MF"src/main.d" -MT"src/main.o" -o "src/main.o" "../src/main.c"
'Finished building: ../src/main.c'
' '
'Building target: Cordic.elf'
'Invoking: ARM v7 gcc linker'
arm-none-eabi-gcc -mcpu=cortex-a9 -mfpu=vfpv3 -mfloat-abi=hard -Wl,-build-id=none -specs=Xilinx.spec -Wl,-T -Wl,../src/lscript.ld -L../../Cordic_bsp/ps7_cortexa9_0/lib -o "Cordic.elf"  ./src/main.o   -Wl,--start-group,-lxil,-lgcc,-lc,--end-group
'Finished building target: Cordic.elf'
' '
'Invoking: ARM v7 Print Size'
arm-none-eabi-size Cordic.elf  |tee "Cordic.elf.size"
   text	   data	    bss	    dec	    hex	filename
  75920	   2608	  23408	 101936	  18e30	Cordic.elf
'Finished building: Cordic.elf.size'
' '
22:14:59 **** Auto Build of configuration Debug for project Cordic ****
make pre-build main-build 
a9-linaro-pre-build-step
' '
'Building file: ../src/main.c'
'Invoking: ARM v7 gcc compiler'
arm-none-eabi-gcc -Wall -O0 -g3 -c -fmessage-length=0 -MT"src/main.o" -mcpu=cortex-a9 -mfpu=vfpv3 -mfloat-abi=hard -I../../Cordic_bsp/ps7_cortexa9_0/include -MMD -MP -MF"src/main.d" -MT"src/main.o" -o "src/main.o" "../src/main.c"
'Finished building: ../src/main.c'
' '
'Building target: Cordic.elf'
'Invoking: ARM v7 gcc linker'
arm-none-eabi-gcc -mcpu=cortex-a9 -mfpu=vfpv3 -mfloat-abi=hard -Wl,-build-id=none -specs=Xilinx.spec -Wl,-T -Wl,../src/lscript.ld -L../../Cordic_bsp/ps7_cortexa9_0/lib -o "Cordic.elf"  ./src/main.o   -Wl,--start-group,-lxil,-lgcc,-lc,--end-group
'Finished building target: Cordic.elf'
' '
'Invoking: ARM v7 Print Size'
arm-none-eabi-size Cordic.elf  |tee "Cordic.elf.size"
   text	   data	    bss	    dec	    hex	filename
  75920	   2608	  23408	 101936	  18e30	Cordic.elf
'Finished building: Cordic.elf.size'
' '
22:16:35 **** Auto Build of configuration Debug for project Cordic ****
make pre-build main-build 
a9-linaro-pre-build-step
' '
'Building file: ../src/main.c'
'Invoking: ARM v7 gcc compiler'
arm-none-eabi-gcc -Wall -O0 -g3 -c -fmessage-length=0 -MT"src/main.o" -mcpu=cortex-a9 -mfpu=vfpv3 -mfloat-abi=hard -I../../Cordic_bsp/ps7_cortexa9_0/include -MMD -MP -MF"src/main.d" -MT"src/main.o" -o "src/main.o" "../src/main.c"
../src/main.c:67:7: warning: built-in function 'sin' declared as non-function
 float sin=0;
       ^~~
../src/main.c:68:7: warning: built-in function 'cos' declared as non-function
 float cos=0;
       ^~~
In file included from ../src/main.c:5:0:
../src/main.c: In function 'main':
../src/main.c:79:33: error: 'RegOffset' undeclared (first use in this function)
   CORDIC_mWriteReg(cordic_bass, RegOffset, Data)
                                 ^
../../Cordic_bsp/ps7_cortexa9_0/include/cordic.h:36:31: note: in definition of macro 'CORDIC_mWriteReg'
    Xil_Out32((BaseAddress) + (RegOffset), (u32)(Data))
                               ^~~~~~~~~
../src/main.c:79:33: note: each undeclared identifier is reported only once for each function it appears in
   CORDIC_mWriteReg(cordic_bass, RegOffset, Data)
                                 ^
../../Cordic_bsp/ps7_cortexa9_0/include/cordic.h:36:31: note: in definition of macro 'CORDIC_mWriteReg'
    Xil_Out32((BaseAddress) + (RegOffset), (u32)(Data))
                               ^~~~~~~~~
../src/main.c:79:44: error: 'Data' undeclared (first use in this function)
   CORDIC_mWriteReg(cordic_bass, RegOffset, Data)
                                            ^
../../Cordic_bsp/ps7_cortexa9_0/include/cordic.h:36:49: note: in definition of macro 'CORDIC_mWriteReg'
    Xil_Out32((BaseAddress) + (RegOffset), (u32)(Data))
                                                 ^~~~
../src/main.c:81:2: error: expected ';' before 'while'
  while(1)
  ^~~~~
make: *** [src/subdir.mk:23: src/main.o] Error 1
22:16:51 **** Auto Build of configuration Debug for project Cordic ****
make pre-build main-build 
a9-linaro-pre-build-step
' '
'Building file: ../src/main.c'
'Invoking: ARM v7 gcc compiler'
arm-none-eabi-gcc -Wall -O0 -g3 -c -fmessage-length=0 -MT"src/main.o" -mcpu=cortex-a9 -mfpu=vfpv3 -mfloat-abi=hard -I../../Cordic_bsp/ps7_cortexa9_0/include -MMD -MP -MF"src/main.d" -MT"src/main.o" -o "src/main.o" "../src/main.c"
../src/main.c:67:7: warning: built-in function 'sin' declared as non-function
 float sin=0;
       ^~~
../src/main.c:68:7: warning: built-in function 'cos' declared as non-function
 float cos=0;
       ^~~
'Finished building: ../src/main.c'
' '
'Building target: Cordic.elf'
'Invoking: ARM v7 gcc linker'
arm-none-eabi-gcc -mcpu=cortex-a9 -mfpu=vfpv3 -mfloat-abi=hard -Wl,-build-id=none -specs=Xilinx.spec -Wl,-T -Wl,../src/lscript.ld -L../../Cordic_bsp/ps7_cortexa9_0/lib -o "Cordic.elf"  ./src/main.o   -Wl,--start-group,-lxil,-lgcc,-lc,--end-group
'Finished building target: Cordic.elf'
' '
'Invoking: ARM v7 Print Size'
arm-none-eabi-size Cordic.elf  |tee "Cordic.elf.size"
   text	   data	    bss	    dec	    hex	filename
  75664	   2608	  23424	 101696	  18d40	Cordic.elf
'Finished building: Cordic.elf.size'
' '
22:17:00 **** Auto Build of configuration Debug for project Cordic ****
make pre-build main-build 
a9-linaro-pre-build-step
' '
'Building file: ../src/main.c'
'Invoking: ARM v7 gcc compiler'
arm-none-eabi-gcc -Wall -O0 -g3 -c -fmessage-length=0 -MT"src/main.o" -mcpu=cortex-a9 -mfpu=vfpv3 -mfloat-abi=hard -I../../Cordic_bsp/ps7_cortexa9_0/include -MMD -MP -MF"src/main.d" -MT"src/main.o" -o "src/main.o" "../src/main.c"
'Finished building: ../src/main.c'
' '
'Building target: Cordic.elf'
'Invoking: ARM v7 gcc linker'
arm-none-eabi-gcc -mcpu=cortex-a9 -mfpu=vfpv3 -mfloat-abi=hard -Wl,-build-id=none -specs=Xilinx.spec -Wl,-T -Wl,../src/lscript.ld -L../../Cordic_bsp/ps7_cortexa9_0/lib -o "Cordic.elf"  ./src/main.o   -Wl,--start-group,-lxil,-lgcc,-lc,--end-group
'Finished building target: Cordic.elf'
' '
'Invoking: ARM v7 Print Size'
arm-none-eabi-size Cordic.elf  |tee "Cordic.elf.size"
   text	   data	    bss	    dec	    hex	filename
  75664	   2608	  23424	 101696	  18d40	Cordic.elf
'Finished building: Cordic.elf.size'
' '
22:17:23 **** Auto Build of configuration Debug for project Cordic ****
make pre-build main-build 
a9-linaro-pre-build-step
' '
'Building file: ../src/main.c'
'Invoking: ARM v7 gcc compiler'
arm-none-eabi-gcc -Wall -O0 -g3 -c -fmessage-length=0 -MT"src/main.o" -mcpu=cortex-a9 -mfpu=vfpv3 -mfloat-abi=hard -I../../Cordic_bsp/ps7_cortexa9_0/include -MMD -MP -MF"src/main.d" -MT"src/main.o" -o "src/main.o" "../src/main.c"
'Finished building: ../src/main.c'
' '
'Building target: Cordic.elf'
'Invoking: ARM v7 gcc linker'
arm-none-eabi-gcc -mcpu=cortex-a9 -mfpu=vfpv3 -mfloat-abi=hard -Wl,-build-id=none -specs=Xilinx.spec -Wl,-T -Wl,../src/lscript.ld -L../../Cordic_bsp/ps7_cortexa9_0/lib -o "Cordic.elf"  ./src/main.o   -Wl,--start-group,-lxil,-lgcc,-lc,--end-group
'Finished building target: Cordic.elf'
' '
'Invoking: ARM v7 Print Size'
arm-none-eabi-size Cordic.elf  |tee "Cordic.elf.size"
   text	   data	    bss	    dec	    hex	filename
  75664	   2608	  23424	 101696	  18d40	Cordic.elf
'Finished building: Cordic.elf.size'
' '
22:18:10 **** Auto Build of configuration Debug for project Cordic ****
make pre-build main-build 
a9-linaro-pre-build-step
' '
'Building file: ../src/main.c'
'Invoking: ARM v7 gcc compiler'
arm-none-eabi-gcc -Wall -O0 -g3 -c -fmessage-length=0 -MT"src/main.o" -mcpu=cortex-a9 -mfpu=vfpv3 -mfloat-abi=hard -I../../Cordic_bsp/ps7_cortexa9_0/include -MMD -MP -MF"src/main.d" -MT"src/main.o" -o "src/main.o" "../src/main.c"
'Finished building: ../src/main.c'
' '
'Building target: Cordic.elf'
'Invoking: ARM v7 gcc linker'
arm-none-eabi-gcc -mcpu=cortex-a9 -mfpu=vfpv3 -mfloat-abi=hard -Wl,-build-id=none -specs=Xilinx.spec -Wl,-T -Wl,../src/lscript.ld -L../../Cordic_bsp/ps7_cortexa9_0/lib -o "Cordic.elf"  ./src/main.o   -Wl,--start-group,-lxil,-lgcc,-lc,--end-group
'Finished building target: Cordic.elf'
' '
'Invoking: ARM v7 Print Size'
arm-none-eabi-size Cordic.elf  |tee "Cordic.elf.size"
   text	   data	    bss	    dec	    hex	filename
  75728	   2608	  23424	 101760	  18d80	Cordic.elf
'Finished building: Cordic.elf.size'
' '
22:18:14 **** Auto Build of configuration Debug for project Cordic ****
make pre-build main-build 
a9-linaro-pre-build-step
' '
'Building file: ../src/main.c'
'Invoking: ARM v7 gcc compiler'
arm-none-eabi-gcc -Wall -O0 -g3 -c -fmessage-length=0 -MT"src/main.o" -mcpu=cortex-a9 -mfpu=vfpv3 -mfloat-abi=hard -I../../Cordic_bsp/ps7_cortexa9_0/include -MMD -MP -MF"src/main.d" -MT"src/main.o" -o "src/main.o" "../src/main.c"
'Finished building: ../src/main.c'
' '
'Building target: Cordic.elf'
'Invoking: ARM v7 gcc linker'
arm-none-eabi-gcc -mcpu=cortex-a9 -mfpu=vfpv3 -mfloat-abi=hard -Wl,-build-id=none -specs=Xilinx.spec -Wl,-T -Wl,../src/lscript.ld -L../../Cordic_bsp/ps7_cortexa9_0/lib -o "Cordic.elf"  ./src/main.o   -Wl,--start-group,-lxil,-lgcc,-lc,--end-group
'Finished building target: Cordic.elf'
' '
'Invoking: ARM v7 Print Size'
arm-none-eabi-size Cordic.elf  |tee "Cordic.elf.size"
   text	   data	    bss	    dec	    hex	filename
  75728	   2608	  23424	 101760	  18d80	Cordic.elf
'Finished building: Cordic.elf.size'
' '
22:18:59 **** Auto Build of configuration Debug for project Cordic ****
make pre-build main-build 
a9-linaro-pre-build-step
' '
'Building file: ../src/main.c'
'Invoking: ARM v7 gcc compiler'
arm-none-eabi-gcc -Wall -O0 -g3 -c -fmessage-length=0 -MT"src/main.o" -mcpu=cortex-a9 -mfpu=vfpv3 -mfloat-abi=hard -I../../Cordic_bsp/ps7_cortexa9_0/include -MMD -MP -MF"src/main.d" -MT"src/main.o" -o "src/main.o" "../src/main.c"
../src/main.c: In function 'main':
../src/main.c:95:48: error: macro "CORDIC_mReadReg" passed 3 arguments, but takes just 2
    sinn=CORDIC_mReadReg(cordic_bass, cor_sin, 1);
                                                ^
../src/main.c:95:9: error: 'CORDIC_mReadReg' undeclared (first use in this function)
    sinn=CORDIC_mReadReg(cordic_bass, cor_sin, 1);
         ^~~~~~~~~~~~~~~
../src/main.c:95:9: note: each undeclared identifier is reported only once for each function it appears in
make: *** [src/subdir.mk:23: src/main.o] Error 1
22:19:35 **** Auto Build of configuration Debug for project Cordic ****
make pre-build main-build 
a9-linaro-pre-build-step
' '
'Building file: ../src/main.c'
'Invoking: ARM v7 gcc compiler'
arm-none-eabi-gcc -Wall -O0 -g3 -c -fmessage-length=0 -MT"src/main.o" -mcpu=cortex-a9 -mfpu=vfpv3 -mfloat-abi=hard -I../../Cordic_bsp/ps7_cortexa9_0/include -MMD -MP -MF"src/main.d" -MT"src/main.o" -o "src/main.o" "../src/main.c"
'Finished building: ../src/main.c'
' '
'Building target: Cordic.elf'
'Invoking: ARM v7 gcc linker'
arm-none-eabi-gcc -mcpu=cortex-a9 -mfpu=vfpv3 -mfloat-abi=hard -Wl,-build-id=none -specs=Xilinx.spec -Wl,-T -Wl,../src/lscript.ld -L../../Cordic_bsp/ps7_cortexa9_0/lib -o "Cordic.elf"  ./src/main.o   -Wl,--start-group,-lxil,-lgcc,-lc,--end-group
'Finished building target: Cordic.elf'
' '
'Invoking: ARM v7 Print Size'
arm-none-eabi-size Cordic.elf  |tee "Cordic.elf.size"
   text	   data	    bss	    dec	    hex	filename
  75856	   2608	  23424	 101888	  18e00	Cordic.elf
'Finished building: Cordic.elf.size'
' '
22:19:40 **** Auto Build of configuration Debug for project Cordic ****
make pre-build main-build 
a9-linaro-pre-build-step
' '
'Building file: ../src/main.c'
'Invoking: ARM v7 gcc compiler'
arm-none-eabi-gcc -Wall -O0 -g3 -c -fmessage-length=0 -MT"src/main.o" -mcpu=cortex-a9 -mfpu=vfpv3 -mfloat-abi=hard -I../../Cordic_bsp/ps7_cortexa9_0/include -MMD -MP -MF"src/main.d" -MT"src/main.o" -o "src/main.o" "../src/main.c"
'Finished building: ../src/main.c'
' '
'Building target: Cordic.elf'
'Invoking: ARM v7 gcc linker'
arm-none-eabi-gcc -mcpu=cortex-a9 -mfpu=vfpv3 -mfloat-abi=hard -Wl,-build-id=none -specs=Xilinx.spec -Wl,-T -Wl,../src/lscript.ld -L../../Cordic_bsp/ps7_cortexa9_0/lib -o "Cordic.elf"  ./src/main.o   -Wl,--start-group,-lxil,-lgcc,-lc,--end-group
'Finished building target: Cordic.elf'
' '
'Invoking: ARM v7 Print Size'
arm-none-eabi-size Cordic.elf  |tee "Cordic.elf.size"
   text	   data	    bss	    dec	    hex	filename
  75856	   2608	  23424	 101888	  18e00	Cordic.elf
'Finished building: Cordic.elf.size'
' '
22:20:19 **** Auto Build of configuration Debug for project Cordic ****
make pre-build main-build 
a9-linaro-pre-build-step
' '
'Building file: ../src/main.c'
'Invoking: ARM v7 gcc compiler'
arm-none-eabi-gcc -Wall -O0 -g3 -c -fmessage-length=0 -MT"src/main.o" -mcpu=cortex-a9 -mfpu=vfpv3 -mfloat-abi=hard -I../../Cordic_bsp/ps7_cortexa9_0/include -MMD -MP -MF"src/main.d" -MT"src/main.o" -o "src/main.o" "../src/main.c"
../src/main.c: In function 'main':
../src/main.c:106:22: warning: '%f' directive writing between 8 and 317 bytes into a region of size 5 [-Wformat-overflow=]
    sprintf(tmp,"LedR:%f  ",sinn);
                      ^~
../src/main.c:106:4: note: 'sprintf' output between 16 and 325 bytes into a destination of size 10
    sprintf(tmp,"LedR:%f  ",sinn);
    ^~~~~~~~~~~~~~~~~~~~~~~~~~~~~
../src/main.c:111:22: warning: '%f' directive writing between 8 and 317 bytes into a region of size 5 [-Wformat-overflow=]
    sprintf(tmp,"LedG:%f  ",coss);
                      ^~
../src/main.c:111:4: note: 'sprintf' output between 16 and 325 bytes into a destination of size 10
    sprintf(tmp,"LedG:%f  ",coss);
    ^~~~~~~~~~~~~~~~~~~~~~~~~~~~~
'Finished building: ../src/main.c'
' '
'Building target: Cordic.elf'
'Invoking: ARM v7 gcc linker'
arm-none-eabi-gcc -mcpu=cortex-a9 -mfpu=vfpv3 -mfloat-abi=hard -Wl,-build-id=none -specs=Xilinx.spec -Wl,-T -Wl,../src/lscript.ld -L../../Cordic_bsp/ps7_cortexa9_0/lib -o "Cordic.elf"  ./src/main.o   -Wl,--start-group,-lxil,-lgcc,-lc,--end-group
'Finished building target: Cordic.elf'
' '
'Invoking: ARM v7 Print Size'
arm-none-eabi-size Cordic.elf  |tee "Cordic.elf.size"
   text	   data	    bss	    dec	    hex	filename
  75856	   2608	  23424	 101888	  18e00	Cordic.elf
'Finished building: Cordic.elf.size'
' '
22:20:29 **** Auto Build of configuration Debug for project Cordic ****
make pre-build main-build 
a9-linaro-pre-build-step
' '
'Building file: ../src/main.c'
'Invoking: ARM v7 gcc compiler'
arm-none-eabi-gcc -Wall -O0 -g3 -c -fmessage-length=0 -MT"src/main.o" -mcpu=cortex-a9 -mfpu=vfpv3 -mfloat-abi=hard -I../../Cordic_bsp/ps7_cortexa9_0/include -MMD -MP -MF"src/main.d" -MT"src/main.o" -o "src/main.o" "../src/main.c"
../src/main.c: In function 'main':
../src/main.c:106:27: warning: '  ' directive writing 2 bytes into a region of size between 0 and 1 [-Wformat-overflow=]
    sprintf(tmp,"LedR:%.2f  ",sinn);
                          ~^
../src/main.c:106:4: note: 'sprintf' output between 12 and 321 bytes into a destination of size 10
    sprintf(tmp,"LedR:%.2f  ",sinn);
    ^~~~~~~~~~~~~~~~~~~~~~~~~~~~~~~
../src/main.c:111:27: warning: '  ' directive writing 2 bytes into a region of size between 0 and 1 [-Wformat-overflow=]
    sprintf(tmp,"LedG:%.2f  ",coss);
                          ~^
../src/main.c:111:4: note: 'sprintf' output between 12 and 321 bytes into a destination of size 10
    sprintf(tmp,"LedG:%.2f  ",coss);
    ^~~~~~~~~~~~~~~~~~~~~~~~~~~~~~~
'Finished building: ../src/main.c'
' '
'Building target: Cordic.elf'
'Invoking: ARM v7 gcc linker'
arm-none-eabi-gcc -mcpu=cortex-a9 -mfpu=vfpv3 -mfloat-abi=hard -Wl,-build-id=none -specs=Xilinx.spec -Wl,-T -Wl,../src/lscript.ld -L../../Cordic_bsp/ps7_cortexa9_0/lib -o "Cordic.elf"  ./src/main.o   -Wl,--start-group,-lxil,-lgcc,-lc,--end-group
'Finished building target: Cordic.elf'
' '
'Invoking: ARM v7 Print Size'
arm-none-eabi-size Cordic.elf  |tee "Cordic.elf.size"
   text	   data	    bss	    dec	    hex	filename
  75856	   2608	  23424	 101888	  18e00	Cordic.elf
'Finished building: Cordic.elf.size'
' '
22:20:35 **** Auto Build of configuration Debug for project Cordic ****
make pre-build main-build 
a9-linaro-pre-build-step
' '
'Building file: ../src/main.c'
'Invoking: ARM v7 gcc compiler'
arm-none-eabi-gcc -Wall -O0 -g3 -c -fmessage-length=0 -MT"src/main.o" -mcpu=cortex-a9 -mfpu=vfpv3 -mfloat-abi=hard -I../../Cordic_bsp/ps7_cortexa9_0/include -MMD -MP -MF"src/main.d" -MT"src/main.o" -o "src/main.o" "../src/main.c"
../src/main.c: In function 'main':
../src/main.c:106:22: warning: '%.4f' directive writing between 6 and 315 bytes into a region of size 5 [-Wformat-overflow=]
    sprintf(tmp,"LedR:%.4f  ",sinn);
                      ^~~~
../src/main.c:106:4: note: 'sprintf' output between 14 and 323 bytes into a destination of size 10
    sprintf(tmp,"LedR:%.4f  ",sinn);
    ^~~~~~~~~~~~~~~~~~~~~~~~~~~~~~~
../src/main.c:111:22: warning: '%.4f' directive writing between 6 and 315 bytes into a region of size 5 [-Wformat-overflow=]
    sprintf(tmp,"LedG:%.4f  ",coss);
                      ^~~~
../src/main.c:111:4: note: 'sprintf' output between 14 and 323 bytes into a destination of size 10
    sprintf(tmp,"LedG:%.4f  ",coss);
    ^~~~~~~~~~~~~~~~~~~~~~~~~~~~~~~
'Finished building: ../src/main.c'
' '
'Building target: Cordic.elf'
'Invoking: ARM v7 gcc linker'
arm-none-eabi-gcc -mcpu=cortex-a9 -mfpu=vfpv3 -mfloat-abi=hard -Wl,-build-id=none -specs=Xilinx.spec -Wl,-T -Wl,../src/lscript.ld -L../../Cordic_bsp/ps7_cortexa9_0/lib -o "Cordic.elf"  ./src/main.o   -Wl,--start-group,-lxil,-lgcc,-lc,--end-group
'Finished building target: Cordic.elf'
' '
'Invoking: ARM v7 Print Size'
arm-none-eabi-size Cordic.elf  |tee "Cordic.elf.size"
   text	   data	    bss	    dec	    hex	filename
  75856	   2608	  23424	 101888	  18e00	Cordic.elf
'Finished building: Cordic.elf.size'
' '
22:21:13 **** Auto Build of configuration Debug for project Cordic ****
make pre-build main-build 
a9-linaro-pre-build-step
' '
'Building file: ../src/main.c'
'Invoking: ARM v7 gcc compiler'
arm-none-eabi-gcc -Wall -O0 -g3 -c -fmessage-length=0 -MT"src/main.o" -mcpu=cortex-a9 -mfpu=vfpv3 -mfloat-abi=hard -I../../Cordic_bsp/ps7_cortexa9_0/include -MMD -MP -MF"src/main.d" -MT"src/main.o" -o "src/main.o" "../src/main.c"
'Finished building: ../src/main.c'
' '
'Building target: Cordic.elf'
'Invoking: ARM v7 gcc linker'
arm-none-eabi-gcc -mcpu=cortex-a9 -mfpu=vfpv3 -mfloat-abi=hard -Wl,-build-id=none -specs=Xilinx.spec -Wl,-T -Wl,../src/lscript.ld -L../../Cordic_bsp/ps7_cortexa9_0/lib -o "Cordic.elf"  ./src/main.o   -Wl,--start-group,-lxil,-lgcc,-lc,--end-group
'Finished building target: Cordic.elf'
' '
'Invoking: ARM v7 Print Size'
arm-none-eabi-size Cordic.elf  |tee "Cordic.elf.size"
   text	   data	    bss	    dec	    hex	filename
  75856	   2608	  23424	 101888	  18e00	Cordic.elf
'Finished building: Cordic.elf.size'
' '
22:21:22 **** Incremental Build of configuration Debug for project Cordic ****
make pre-build main-build 
a9-linaro-pre-build-step
' '
make: Nothing to be done for 'main-build'.
22:21:55 **** Incremental Build of configuration Debug for project Cordic ****
make pre-build main-build 
a9-linaro-pre-build-step
' '
'Building file: ../src/main.c'
'Invoking: ARM v7 gcc compiler'
arm-none-eabi-gcc -Wall -O0 -g3 -c -fmessage-length=0 -MT"src/main.o" -mcpu=cortex-a9 -mfpu=vfpv3 -mfloat-abi=hard -I../../Cordic_bsp/ps7_cortexa9_0/include -MMD -MP -MF"src/main.d" -MT"src/main.o" -o "src/main.o" "../src/main.c"
'Finished building: ../src/main.c'
' '
'Building target: Cordic.elf'
'Invoking: ARM v7 gcc linker'
arm-none-eabi-gcc -mcpu=cortex-a9 -mfpu=vfpv3 -mfloat-abi=hard -Wl,-build-id=none -specs=Xilinx.spec -Wl,-T -Wl,../src/lscript.ld -L../../Cordic_bsp/ps7_cortexa9_0/lib -o "Cordic.elf"  ./src/main.o   -Wl,--start-group,-lxil,-lgcc,-lc,--end-group
'Finished building target: Cordic.elf'
' '
'Invoking: ARM v7 Print Size'
arm-none-eabi-size Cordic.elf  |tee "Cordic.elf.size"
   text	   data	    bss	    dec	    hex	filename
  75792	   2608	  23424	 101824	  18dc0	Cordic.elf
'Finished building: Cordic.elf.size'
' '
